src/components/ui/Button.tsx(4,20): error TS2307: Cannot find module '@/lib/utils' or its corresponding type declarations.
src/components/ui/Button.tsx(33,13): error TS17004: Cannot use JSX unless the '--jsx' flag is provided.
src/components/ui/Button.tsx(40,17): error TS17004: Cannot use JSX unless the '--jsx' flag is provided.
src/components/ui/Button.tsx(41,35): error TS17004: Cannot use JSX unless the '--jsx' flag is provided.
src/components/ui/Button.tsx(47,21): error TS17004: Cannot use JSX unless the '--jsx' flag is provided.
